
[1m== F2 · 造一个稀疏的「虚拟机磁盘」：表观 40 GB、实占 0 ==[0m
    运行环境：表观（du -sb）43016781900 字节 / 实占（du -s --block-size=1）67121152 字节
    
    删除应用 · 会动到什么（只读）
    ────────────────────────────────
    范围      只删除应用，保留数据
    要输入    删除应用
    容器      6 个
    数据卷    6 个 · 69.0 MB（保留）
                hunter_opencode_data · 537 KB
                hunter_packages · 0 B
                hunter_pg_data · 68.4 MB
                hunter_redis_data · 0 B
                hunter_secrets · 160 B
                hunter_user_skills · 0 B
    镜像      6 个 · 3.7 GB
    工作目录  115 KB（不含运行环境）
    运行环境  67.1 MB（实际占用，虚拟机磁盘是稀疏文件）
    备份      5 份 · 目录 <用户目录>/Hunter-backups（永远不删）
    定时任务  装着（会一并移除；重装完成后按你的备份设置自动装回）
    
    ⚠ 不能同时删运行环境：这台电脑上 Hunter 跑在它自己的一台虚拟机里，你的数据（6 个数据卷）就存在那台虚拟机的磁盘里。删掉运行环境等于把数据一起删掉 —— 而你选的是「保留数据」。要腾出这部分空间，请改选「删除应用和全部数据」，或者先做一次备份。
    工作目录 = [115 KB（不含运行环境）] · 运行环境 = [67.1 MB（实际占用，虚拟机磁盘是稀疏文件）]
  [32m✓[0m 两行都不是 GB 级 —— 稀疏文件按实占算了
  [32m✓[0m 两行来自两处：115 KB（不含运行环境） vs 67.1 MB（实际占用，虚拟机磁盘是稀疏文件）
    界面 67.1 MB vs 实占 67.1 MB，差 0.03%
  [32m✓[0m 运行环境那一行和实占对得上（5% 以内）
  [32m✓[0m 「不能同时删运行环境」只说了 1 遍
  [32m✓[0m 现场已恢复（造出来的文件都删了）
