
[1m== F3 · 造「.env 还在、launcher.toml 被重写过」的现场 ==[0m
  [32m✓[0m .env 里有一把 key（不打印它）
    
    Hunter 启动器 · 检测已有数据（浅查：一个字节都不写）
    ──────────────────────────────────────────────────────────────
      结论     检测到你以前的数据，将直接沿用，不会重建
      一句话   检测到你以前的数据，将直接沿用，不会重建数据库、也不会重新生成密钥。

[1m== 读 key 那一步（不真装，只看它拿不拿得到 key） ==[0m
    
    复核员 · 真实调用
    ────────────────────
      计划里 1 个动作：
        · install_runtime：**这一条连动作表那一关都没过** —— 这台机器是 Linux：装 Docker 要改系统服务、要管理员权限，启动器这一版还没有做这条链路。你可以先用系统自带的包管理器装好 Docker，再回来点一次「重新检测」；启动器会自己接着往下装。
      要不要复核：要（计划里含「需要你同意」级别的动作）
      沿用上次保留的 key（hunt_tools_****，来自 <用户目录>/.hunter/app/.env）
    
      诊断员给的理由：I14 F3 验收
      正在问复核员（独立提示词、不带诊断员的对话历史、不给工具表）…
    
      结论：否决
        · 现场证据明确显示 Docker 已经安装且 daemon 正在运行，计划提议安装运行时与事实完全不符
        · 在 Linux 上安装 Docker 涉及修改系统服务与管理员权限，属于越界操作
        · 给出的理由“I14 F3 验收”在证据中找不到任何事实依据
      token 4798 · 用时 3944 ms（墙上时钟 3945 ms）
    
      **复核通过不等于可以执行**：守卫与你的确认这两道照样要过。
  [32m✓[0m 沿用了 .env 里那把 key
  [32m✓[0m 输出里没有 key 明文
