
[1m== 场景 R5②：构造「缺密钥卷」 ==[0m
已删掉密钥卷（数据库那个一个字节都没碰）

Hunter 启动器 · 检测已有数据（浅查：一个字节都不写）
──────────────────────────────────────────────────────────────
  结论     数据库还在，但密钥卷不见了
  一句话   数据库还在，但密钥卷（hunter_secrets）不见了。数据库里用它加密过的配置解不开 —— 别的数据不受影响。
  拦不拦   拦 —— 这一档不许往下装
  数据库   在 · 密钥卷 不在 · JWT_SECRET 在
  PG 版本  数据卷里 16 → 目标镜像 16

  逐条证据：
    · 数据卷 hunter_hunter_opencode_data · hunter_opencode_data · 对话引擎的会话记录
    · 数据卷 hunter_hunter_packages · hunter_packages · 依赖缓存（可再生）
    · 数据卷 hunter_hunter_pg_data · hunter_pg_data · 数据库：账号、配置、自选股、历史分析
    · 数据卷 hunter_hunter_redis_data · hunter_redis_data · 缓存（可再生）
    · 数据卷 hunter_hunter_user_skills · hunter_user_skills · 你自己建的技能
    · <用户目录>/.hunter/app/.env 里的 JWT_SECRET：在（重装会原样沿用，登录不会失效）
    · 数据卷里的 PostgreSQL 大版本：16
    · 这次要装的 postgres 镜像是 16 系

  用时 806 毫秒

[1m== 恢复：重新 up（compose 会新建一个空的密钥卷） ==[0m
[现场恢复] 6/6 健康（等了 15 秒）
