
[1m== 场景 R5：检测已有数据（浅查 + 深查） ==[0m

Hunter 启动器 · 检测已有数据（浅查：一个字节都不写）
──────────────────────────────────────────────────────────────
  结论     检测到你以前的数据，将直接沿用，不会重建
  一句话   检测到你以前的数据，将直接沿用，不会重建数据库、也不会重新生成密钥。
  拦不拦   不拦
  数据库   在 · 密钥卷 在 · JWT_SECRET 在
  PG 版本  数据卷里 16 → 目标镜像 16

  逐条证据：
    · 数据卷 hunter_hunter_opencode_data · hunter_opencode_data · 对话引擎的会话记录
    · 数据卷 hunter_hunter_packages · hunter_packages · 依赖缓存（可再生）
    · 数据卷 hunter_hunter_pg_data · hunter_pg_data · 数据库：账号、配置、自选股、历史分析
    · 数据卷 hunter_hunter_redis_data · hunter_redis_data · 缓存（可再生）
    · 数据卷 hunter_hunter_secrets · hunter_secrets · 密钥卷：数据库里加密的配置靠它才解得开
    · 数据卷 hunter_hunter_user_skills · hunter_user_skills · 你自己建的技能
    · <用户目录>/.hunter/app/.env 里的 JWT_SECRET：在（重装会原样沿用，登录不会失效）
    · 数据卷里的 PostgreSQL 大版本：16
    · 这次要装的 postgres 镜像是 16 系

  用时 1012 毫秒


Hunter 启动器 · 检测已有数据（深查：会起一个用完就删的 postgres）
────────────────────────────────────────────────────────────────────────────────────
  结论     检测到你以前的数据，将直接沿用，不会重建
  一句话   检测到你以前的数据（61 张表，最近更新于 2026-09-22 22:15），将直接沿用，不会重建数据库、也不会重新生成密钥。
  拦不拦   不拦
  数据库   在 · 密钥卷 在 · JWT_SECRET 在
  PG 版本  数据卷里 16 → 目标镜像 16
  深查     61 张表 · 最近写入 2026-09-22 22:15 · 已应用到 0022_schema_migrations.sql → 目标 0022_schema_migrations.sql

  逐条证据：
    · 数据卷 hunter_hunter_opencode_data · hunter_opencode_data · 对话引擎的会话记录
    · 数据卷 hunter_hunter_packages · hunter_packages · 依赖缓存（可再生）
    · 数据卷 hunter_hunter_pg_data · hunter_pg_data · 数据库：账号、配置、自选股、历史分析
    · 数据卷 hunter_hunter_redis_data · hunter_redis_data · 缓存（可再生）
    · 数据卷 hunter_hunter_secrets · hunter_secrets · 密钥卷：数据库里加密的配置靠它才解得开
    · 数据卷 hunter_hunter_user_skills · hunter_user_skills · 你自己建的技能
    · <用户目录>/.hunter/app/.env 里的 JWT_SECRET：在（重装会原样沿用，登录不会失效）
    · 数据卷里的 PostgreSQL 大版本：16
    · 这次要装的 postgres 镜像是 16 系
    · 直接问正在跑的 hunter-postgres-1，没有起新容器
    · public schema 下有 61 张表
    · 已应用的最大迁移：0022_schema_migrations.sql
    · 最近一次写入：2026-09-22 22:15
    · 已应用到 0022_schema_migrations.sql；这次要装的镜像里最大的是 0022_schema_migrations.sql

  用时 2843 毫秒
[现场恢复] 6/6 健康（等了 5 秒）
