
── 1. Release 元信息 ──
  ✅ prerelease = true
  ✅ tag_name = launcher-v0.1.12

── 2. 产物清单 ──
     hunter-launcher_0.1.12_amd64.AppImage
     hunter-launcher_0.1.12_amd64.AppImage.sig
     hunter-launcher_0.1.12_amd64.deb
     hunter-launcher_0.1.12_amd64.deb.sig
     hunter-launcher_0.1.12_universal.app.tar.gz
     hunter-launcher_0.1.12_universal.app.tar.gz.sig
     hunter-launcher_0.1.12_universal.dmg
     hunter-launcher_0.1.12_x64-setup.exe
     hunter-launcher_0.1.12_x64-setup.exe.sig
     hunter-launcher_0.1.12_x64_en-US.msi
     hunter-launcher_0.1.12_x64_en-US.msi.sig
     latest.json
     共 12 个
  ✅ hunter-launcher_0.1.12_amd64.deb
  ✅ hunter-launcher_0.1.12_amd64.deb.sig
  ✅ hunter-launcher_0.1.12_amd64.AppImage
  ✅ hunter-launcher_0.1.12_amd64.AppImage.sig
  ✅ hunter-launcher_0.1.12_universal.dmg
  ✅ hunter-launcher_0.1.12_universal.app.tar.gz
  ✅ hunter-launcher_0.1.12_universal.app.tar.gz.sig
  ✅ hunter-launcher_0.1.12_x64-setup.exe
  ✅ hunter-launcher_0.1.12_x64-setup.exe.sig
  ✅ hunter-launcher_0.1.12_x64_en-US.msi
  ✅ hunter-launcher_0.1.12_x64_en-US.msi.sig
  ✅ latest.json

── 3. dmg 里的 Info.plist（mac 用户看到的版本号） ──
     CFBundleShortVersionString=0.1.12
     CFBundleVersion=0.1.12
     NSHumanReadableCopyright=Copyright 2026 agentpit.io
     CFBundleIdentifier=io.agentpit.hunter.launcher
     LSMinimumSystemVersion=10.13
  ✅ CFBundleShortVersionString = 0.1.12
  ✅ CFBundleVersion = 0.1.12
  ✅ NSHumanReadableCopyright = Copyright 2026 agentpit.io

── 4. .deb 的版本与二进制 --version ──
  ✅ .deb Version = 0.1.12
  ⚠️  二进制 --version：未测 —— 本机缺 libwebkit2gtk-4.1.so.0，这一条要在测试机上跑

── 5. 腾讯云香港的副本（国内用户走这条） ──
  ✅ hunter-launcher_0.1.12_universal.dmg · 200 · 8005117 字节（与 GitHub 一致）
  ✅ hunter-launcher_0.1.12_amd64.deb · 200 · 4622798 字节（与 GitHub 一致）
  ✅ hunter-launcher_0.1.12_x64-setup.exe · 200 · 3198108 字节（与 GitHub 一致）

── 6. COS 那份 latest.json ──
  ✅ latest.json version = 0.1.12
  ✅ linux-x86_64 → COS
  ✅ windows-x86_64 → COS
  ✅ darwin-x86_64 → COS
  ✅ darwin-aarch64 → COS

── 小结 ──
  没有不通过的项，但有「未测」的（⚠️）—— 那几条要换台机器跑（版本 0.1.12 · tag launcher-v0.1.12）
