
Hunter 启动器 · AI 自动驾驶安装
────────────────────────────────────────────
工作目录 /home/support/.hunter-i10gui
  从 /home/support/.hunter-launcher-test/key 读到一把 key（hunt_tools_****）
  ✓ key 有效
  授权档位：auto（全自动）
  预算：单问题 4 回合 · 整次 10 回合 · 200000 token · 单次模型 45 秒

[总览] 开始安装 · 已自动解决 0 个问题 · 回合 0/10 · token 0
… 先看看现在是什么情况
[总览] 复查现状 · 已自动解决 0 个问题 · 回合 0/10 · token 0
   ✓ 查到的现状　Hunter 在跑，但opencode 还没就绪
✓ 先看看现在是什么情况　Hunter 在跑，但opencode 还没就绪
… 检查 Docker
[总览] 检查 Docker · 已自动解决 0 个问题 · 回合 0/10 · token 0
✓ 检查 Docker　Docker Engine 29.8.1 正在运行
… 只把不正常的那几个服务弄起来　opencode（其余 5 个健康的一个都不动，也不重新下载任何东西）
[总览] 修不正常的服务 · 已自动解决 0 个问题 · 回合 0/10 · token 0
✓ 只把不正常的那几个服务弄起来　起了 opencode
… 等它们就绪
… 等它们就绪　5 / 6 健康
… 等它们就绪　5 / 6 健康
… 等它们就绪　5 / 6 健康
… 等它们就绪　5 / 6 健康
… 等它们就绪　6 / 6 健康
✓ 等它们就绪　6 / 6 健康
✔ 不用重装：Hunter 已经在运行　6 / 6 个服务健康，网页打得开。这一次没有下载任何东西，也没有动正在跑的容器。
✓ 完成　打开 http://localhost:3101 就能用了
[总览] 完成 · 已自动解决 1 个问题 · 回合 0/10 · token 0

事件流：/home/support/.hunter-i10gui/logs/assist-events.jsonl
审计日志：/home/support/.hunter-i10gui/logs/assist-audit.log
统计：自动解决 1 个问题 · 0 个修复回合 · 0 token · 用时 19 秒

✓ 本来就在正常运行，这一次没有重新安装、没有重新下载。打开 http://localhost:3101
EXIT=0
