
Hunter 启动器 · AI 自动驾驶安装
────────────────────────────────────────────
工作目录 /home/support/.hunter-i10gui
  从 /home/support/.hunter-launcher-test/key 读到一把 key（hunt_tools_****）
  ✓ key 有效
  授权档位：auto（全自动）
  预算：单问题 4 回合 · 整次 10 回合 · 200000 token · 单次模型 45 秒

[总览] 开始安装 · 已自动解决 0 个问题 · 回合 0/10 · token 0
… 先看看现在是什么情况
[总览] 复查现状 · 已自动解决 0 个问题 · 回合 0/10 · token 0
   ✓ 查到的现状　这台机器上还没有一套能用的 Hunter，按完整流程装
✓ 先看看现在是什么情况　这台机器上还没有一套能用的 Hunter，按完整流程装
… 检查 Docker
[总览] 检查 Docker · 已自动解决 0 个问题 · 回合 0/10 · token 0
✓ 检查 Docker　Docker Engine 29.8.1 正在运行
… 挑下载源、算端口、写配置
[总览] 挑下载源、算端口、写配置 · 已自动解决 0 个问题 · 回合 0/10 · token 0
   ✔ 你电脑上已经在运行另一套 Hunter　hca（6 个容器，占着端口 3200、8200）；hca-baseline（5 个容器，占着端口 13931、15452、16489、18300）；hunter-community（6 个容器，占着端口 3100、3921、5442、6479、8100）。已自动选择「和它并存」：新装的这一套换一组空闲端口，你原来那套一点都不动 —— 这是风险最小的做法。想改成直接使用已有那套，到「设置 → 已有的 Hunter」里切换。
   ✓ 正在测速候选镜像源…
   ✓   可用 GHCR · GitHub · 377 ms
   ✓   可用 腾讯云 · 香港 · 1656 ms
   ✓ 选定：GHCR · GitHub
   ✓ compose：已按 tag v1.2.0 下载并校验（23990 字节）
   ✓ 现有的这一套 hunter 正占着端口 [3101, 8101, 3922, 5443, 6480]，这些不算冲突
   ✓ 已写 <用户目录>/.hunter-i10gui/app/.env（权限 600）与覆盖文件；端口 web 3101 · api 8101 · opencode 3922 · postgres 5443 · redis 6480（全部只绑 127.0.0.1）
   ✓ docker compose config 校验通过，六个服务的端口全部绑在 127.0.0.1（红线 4）
   ✓ 六个镜像合计约 849 MB（linux/amd64 压缩后，来自 manifest）
✓ 挑下载源、算端口、写配置　下载源 GHCR · GitHub · 端口 web 3101 · api 8101 · opencode 3922 · postgres 5443 · redis 6480
… 下载组件
[总览] 下载组件 · 已自动解决 0 个问题 · 回合 0/10 · token 0
… 下载组件　六个镜像，正在拉取…
… 下载组件　100% · 已完成 849 MB / 849 MB
… 下载组件　100% · 已完成 849 MB / 849 MB
   … 检查容器能不能连上 Hunter 的模型网关
   ✓ 检查容器能不能连上 Hunter 的模型网关　容器能连上模型网关（HTTP 401 · 2079 毫秒）
✓ 下载组件　六个镜像本机已有（合计 849 MB），这次一个字节都没下载 · 用时 3 秒
… 启动服务
[总览] 启动服务 · 已自动解决 0 个问题 · 回合 0/10 · token 0
… 启动服务　正在起容器…
… 启动服务　6 / 6 健康
✓ 启动服务　6 / 6 健康
✓ 完成　打开 http://localhost:3101 就能用了
[总览] 完成 · 已自动解决 0 个问题 · 回合 0/10 · token 0

事件流：/home/support/.hunter-i10gui/logs/assist-events.jsonl
审计日志：/home/support/.hunter-i10gui/logs/assist-audit.log
统计：自动解决 0 个问题 · 0 个修复回合 · 0 token · 用时 17 秒

✓ 装好了。打开 http://localhost:3101
EXIT=0
