
=================== 场景 A · 内置运行时残骸 + 用户自己的 Docker 在跑 → 该用用户那一套，零点击装到 6/6 ===================
… 下载组件
[总览] 下载组件 · 已自动解决 1 个问题 · 回合 0/10 · token 0
… 下载组件　六个镜像，正在拉取…
… 下载组件　100% · 已完成 849 MB / 849 MB
… 下载组件　100% · 已完成 849 MB / 849 MB
   … 检查容器能不能连上 Hunter 的模型网关
   ✓ 检查容器能不能连上 Hunter 的模型网关　容器能连上模型网关（HTTP 401 · 1766 毫秒）
✓ 下载组件　六个镜像本机已有（合计 849 MB），这次一个字节都没下载 · 用时 1 秒
… 启动服务
[总览] 启动服务 · 已自动解决 1 个问题 · 回合 0/10 · token 0
… 启动服务　正在起容器…
… 启动服务　5 / 6 健康
… 启动服务　5 / 6 健康
… 启动服务　5 / 6 健康
… 启动服务　5 / 6 健康
… 启动服务　5 / 6 健康
… 启动服务　5 / 6 健康
… 启动服务　5 / 6 健康
… 启动服务　5 / 6 健康
… 启动服务　5 / 6 健康
… 启动服务　5 / 6 健康
… 启动服务　5 / 6 健康
… 启动服务　5 / 6 健康
… 启动服务　5 / 6 健康
… 启动服务　5 / 6 健康
… 启动服务　5 / 6 健康
… 启动服务　5 / 6 健康
… 启动服务　5 / 6 健康
… 启动服务　5 / 6 健康
… 启动服务　5 / 6 健康
… 启动服务　6 / 6 健康
✓ 启动服务　6 / 6 健康
✓ 完成　打开 http://localhost:3101 就能用了
[总览] 完成 · 已自动解决 1 个问题 · 回合 0/10 · token 0

事件流：/home/support/.hunter-i10a/logs/assist-events.jsonl
审计日志：/home/support/.hunter-i10a/logs/assist-audit.log
统计：自动解决 1 个问题 · 0 个修复回合 · 0 token · 用时 109 秒

✓ 装好了。打开 http://localhost:3101
---- 假 colima 被调用过吗 ----
（一次都没调 —— 这正是期望）
