########## r4-plan  10:48:53 ##########
退出码 0 · 42 行 · 10:49:16
########## seed  10:49:16 ##########
退出码 0 · 8 行 · 10:49:18
########## r6-restore  10:49:18 ##########
退出码 0 · 59 行 · 10:50:56
########## r7-cleanup  10:50:56 ##########
退出码 0 · 51 行 · 10:51:31
########## r7-restart  10:51:31 ##########
退出码 0 · 69 行 · 10:53:43
########## r7-oom  10:53:43 ##########
退出码 0 · 24 行 · 10:54:38
########## r7-disk  10:54:38 ##########
退出码 0 · 34 行 · 10:55:31
########## seed  10:59:47 ##########
退出码 0 · 14 行 · 10:59:50
########## r6-restore  10:59:50 ##########
退出码 0 · 59 行 · 11:01:30
########## r6-rotate  11:01:30 ##########
退出码 0 · 42 行 · 11:01:35
########## seed  11:10:24 ##########
退出码 0 · 14 行 · 11:10:28
########## r6-restore  11:10:28 ##########
退出码 0 · 60 行 · 11:16:00
########## r6-schedule  11:16:00 ##########
退出码 0 · 80 行 · 11:18:29
########## r6-persistent  11:18:29 ##########
退出码 0 · 26 行 · 11:21:31
########## r6-persistent  11:32:33 ##########
退出码 0 · 29 行 · 11:35:38
########## r6-diskfull  11:35:38 ##########
退出码 0 · 33 行 · 11:35:49
########## r6-persistent  11:43:36 ##########
退出码 0 · 40 行 · 11:46:39
########## seed  11:46:39 ##########
退出码 0 · 7 行 · 11:46:41
########## r6-restore  11:46:41 ##########
退出码 0 · 61 行 · 11:48:35
########## r6-persistent  11:54:17 ##########
退出码 0 · 58 行 · 11:54:25
########## r4-app-only  11:54:25 ##########
退出码 0 · 81 行 · 11:57:10
########## r4-all  12:04:32 ##########
退出码 0 · 106 行 · 12:08:59
