
[1m== R6 · 按天轮换：模拟 5 天之后只剩最近 3 天 ==[0m
轮换前：
hunter-20260901-1000-v1.1.0
hunter-20260902-1000-v1.1.0
hunter-20260903-1000-v1.1.0
hunter-20260919-0000-v1.2.0
hunter-20260920-0000-v1.2.0
hunter-20260921-0000-v1.2.0
hunter-20260922-0000-v1.2.0
hunter-20260923-0000-v1.2.0
hunter-20260923-0100-v1.2.0
hunter-20260923-1859-v1.2.0
hunter-20260923-1859-v1.2.0-2

备份
────
备份目录 /home/support/Hunter-backups
老目录   /home/support/.hunter/backups（0.1.12 及之前的备份还在这儿，照样恢复得了）
  2026-09-23 18:59:57 · v1.2.0 · hunter-20260923-1859-v1.2.0-2 · 你手动做的 · 数据库 146 KB · 校验 通过
  2026-09-23 18:59:50 · v1.2.0 · hunter-20260923-1859-v1.2.0 · 你手动做的 · 数据库 146 KB · 校验 通过
  2026-09-23 01:00:00 · v1.2.0 · hunter-20260923-0100-v1.2.0 · 定时备份 · 数据库 1.0 KB · 校验 通过
  2026-09-23 00:00:00 · v1.2.0 · hunter-20260923-0000-v1.2.0 · 定时备份 · 数据库 1.0 KB · 校验 通过
  2026-09-22 00:00:00 · v1.2.0 · hunter-20260922-0000-v1.2.0 · 定时备份 · 数据库 1.0 KB · 校验 通过
  2026-09-21 00:00:00 · v1.2.0 · hunter-20260921-0000-v1.2.0 · 定时备份 · 数据库 1.0 KB · 校验 通过
  2026-09-20 00:00:00 · v1.2.0 · hunter-20260920-0000-v1.2.0 · 定时备份 · 数据库 1.0 KB · 校验 通过
  2026-09-19 00:00:00 · v1.2.0 · hunter-20260919-0000-v1.2.0 · 定时备份 · 数据库 1.0 KB · 校验 通过
  2026-09-03 10:00:00 · v1.1.0 · hunter-20260903-1000-v1.1.0 · 升级前自动备份 · 数据库 1.0 KB · 校验 通过
  2026-09-02 10:00:00 · v1.1.0 · hunter-20260902-1000-v1.1.0 · 升级前自动备份 · 数据库 1.0 KB · 校验 通过
  2026-09-01 10:00:00 · v1.1.0 · hunter-20260901-1000-v1.1.0 · 升级前自动备份 · 数据库 1.0 KB · 校验 通过
  合计占用 405 KB

恢复：hunter-launcher --restore <id 或目录> --confirm 恢复数据 -y
轮换后：
hunter-20260902-1000-v1.1.0
hunter-20260903-1000-v1.1.0
hunter-20260921-0000-v1.2.0
hunter-20260922-0000-v1.2.0
hunter-20260923-1901-v1.2.0
--- 断言 ---
定时/手动备份剩几份（期望 3 天） 3
升级前备份剩几份（期望 2）         2
