
[1m== R7 · 一键腾空间：只清本项目的东西 ==[0m
--- 造一个「旧版本的镜像」（给现有镜像打个旧 tag，删它只会删掉这个 tag）---
--- 造一个悬空卷（带本项目标签、但 compose 里没有声明过）---
hunter_hunter_i13_orphan
--- 别人的镜像与卷（一个都不该被碰）---
hca-daemon:dev-fork
hca-daemon:dev
hca-web:dev
别人的卷有几个                          26
--- 只看不删 ---

一键腾空间（只清本项目旧镜像、悬空卷、过期备份）
────────────────────────────────────────────────
  现在装的是 v1.2.0；启动器自己那几个仓库（8）下别的版本的镜像有 1 个没有任何容器在用
  本项目名下 7 个卷里，compose 现在还声明着的有 6 个
  备份保留策略是「最近 3 天」，现在有 2 份，超出的有 1 份

旧镜像 1 个 · 898 MB
  ghcr.io/agentpit-io/hunter-community-api:1.1.0-i13test · 898 MB
悬空卷 1 个 · 0 B
  hunter_hunter_i13_orphan
过期备份 1 份 · 199 KB
合计能腾出 898 MB

（只看不删。真要清的话加 -y）
--- 真清 ---
  现在装的是 v1.2.0；启动器自己那几个仓库（8）下别的版本的镜像有 1 个没有任何容器在用
  本项目名下 7 个卷里，compose 现在还声明着的有 6 个
  备份保留策略是「最近 3 天」，现在有 2 份，超出的有 1 份

旧镜像 1 个 · 898 MB
  ghcr.io/agentpit-io/hunter-community-api:1.1.0-i13test · 898 MB
悬空卷 1 个 · 0 B
  hunter_hunter_i13_orphan
过期备份 1 份 · 199 KB
合计能腾出 898 MB
  清掉 1 个旧镜像（898 MB）
  清掉 1 个悬空数据卷
  清掉 1 份过期备份（199 KB）

✓ 一共腾出 898 MB
--- 断言 ---
  [32m✓[0m 旧 tag 清掉了
  [32m✓[0m 悬空卷清掉了
本项目的 6 个数据卷还在吗           6
别人的卷还有几个                       26
  [32m✓[0m 别人的镜像 hca-daemon:dev-fork 还在
  [32m✓[0m 别人的镜像 hca-daemon:dev 还在
  [32m✓[0m 别人的镜像 hca-web:dev 还在
  [32m✓[0m 六个服务仍然健康
