
[1m== R7 · 系统盘告警（阈值调到实测值之上造现场，数字全是真的） ==[0m
/dev/root      206900281344 127813681152 79069822976  62% /
系统盘实际剩余                          74 GB
[严重] 系统盘快没空间了 · host-disk
  这块盘只剩 79.1 GB。Hunter 的镜像与数据加起来有几个 GB，盘满了容器会起不来、数据库也可能写不进去。
    · 系统盘（/）剩 79.1 GB / 共 207 GB
    · 阈值：低于 124 GB 提醒、低于 94 GB 严重
    · 现在装的是 v1.2.0；启动器自己那几个仓库（8）下别的版本的镜像有 0 个没有任何容器在用
    · 本项目名下 6 个卷里，compose 现在还声明着的有 6 个
    · 备份保留策略是「最近 3 天」，现在有 1 份，超出的有 0 份
    建议：系统盘上别的文件（下载、废纸篓、旧的虚拟机镜像）要不要清，由你自己决定 —— 启动器不会去动 Hunter 之外的任何文件。

这一轮该弹通知的：host-disk
--- 同一个问题 24 小时内不重复：再跑一次，notify 里不该再有它 ---
    · 阈值：低于 124 GB 提醒、低于 94 GB 严重
    · 现在装的是 v1.2.0；启动器自己那几个仓库（8）下别的版本的镜像有 0 个没有任何容器在用
    · 本项目名下 6 个卷里，compose 现在还声明着的有 6 个
    · 备份保留策略是「最近 3 天」，现在有 1 份，超出的有 0 份
    建议：系统盘上别的文件（下载、废纸篓、旧的虚拟机镜像）要不要清，由你自己决定 —— 启动器不会去动 Hunter 之外的任何文件。
--- 一键清理能腾出多少（只看不删）---

一键腾空间（只清本项目旧镜像、悬空卷、过期备份）
────────────────────────────────────────────────
  现在装的是 v1.2.0；启动器自己那几个仓库（8）下别的版本的镜像有 0 个没有任何容器在用
  本项目名下 6 个卷里，compose 现在还声明着的有 6 个
  备份保留策略是「最近 3 天」，现在有 1 份，超出的有 0 份

旧镜像 0 个 · 0 B
悬空卷 0 个 · 0 B
过期备份 0 份 · 0 B
合计能腾出 0 B

（只看不删。真要清的话加 -y）
