
Hunter 启动器 · AI 自动驾驶安装
────────────────────────────────────────────
工作目录 /home/support/.hunter
  从 /home/support/.hunter-launcher-test/key 读到一把 key（hunt_tools_****）
  ✓ key 有效
  授权档位：auto（自动驾驶）
  预算：单问题 4 回合 · 整次 10 回合 · 60000 token · 单次模型 45 秒

[总览] 开始安装 · 已自动解决 0 个问题 · 回合 0/10 · token 0
… 检查 Docker
[总览] 检查 Docker · 已自动解决 0 个问题 · 回合 0/10 · token 0
✓ 检查 Docker　Docker Engine 29.8.1 正在运行
… 挑下载源、算端口、写配置
[总览] 挑下载源、算端口、写配置 · 已自动解决 0 个问题 · 回合 0/10 · token 0
   ! 你电脑上已经在运行另一套 Hunter　hunter-community（6 个容器，占着端口 3100、3921、5442、6479、8100）
   ✓ 正在测速候选镜像源…
   ✓   可用 GHCR · GitHub · 356 ms
   ✓   可用 腾讯云 · 香港 · 1670 ms
   ✓ 选定：GHCR · GitHub
   ✓ compose：已按 tag v1.2.0 下载并校验（23990 字节）
   ✓ 已写 <用户目录>/.hunter/app/.env（权限 600）与覆盖文件；端口 web 3101 · api 8101 · opencode 3922 · postgres 5443 · redis 6480
   ✓ docker compose config 校验通过，且除 web 外的端口都绑在 127.0.0.1
   ✓ 六个镜像合计约 849 MB（linux/amd64 压缩后，来自 manifest）
✓ 挑下载源、算端口、写配置　下载源 GHCR · GitHub · 端口 web 3101 · api 8101 · opencode 3922 · postgres 5443 · redis 6480
… 下载组件
[总览] 下载组件 · 已自动解决 0 个问题 · 回合 0/10 · token 0
… 下载组件　六个镜像，正在拉取…
× 下载组件　Docker 要用本机的凭据助手去取登录信息，但在这个程序看得到的 PATH 上找不到它。这和下载源无关，换源修不好。原话：error getting credentials - err: exec: "docker-credential-fakehelper": executable file not found in $PATH, out: ``
[总览] 正在解决：Docker 找不到它自己的凭据助手 · 已自动解决 0 个问题 · 回合 1/10 · token 0
! 发现问题：Docker 取不到登录信息　Docker 要用本机的凭据助手去取登录信息，但在这个程序看得到的 PATH 上找不到它。这和下载源无关，换源修不好。原话：error getting credentials - err: exec: "docker-credential-fakehelper": executable file not found in $PATH, out: ``
   … 分析中…
   ✓ 分析中…　查了 5 个端口 · 本机还有 1 套 Hunter
   ✓ 找到原因　你的 docker 配置要用 docker-credential-fakehelper 去取登录信息，但这台机器上哪儿都找不到它（子进程 PATH 补了 2 个目录：/usr/local/bin、/snap/bin）。Hunter 的六个镜像都是公开的，本来就不需要登录 —— 启动器给自己另起一份不带凭据助手的配置，你的 ~/.docker/config.json 一个字节都不动。
   … 正在处理：另起一份不带凭据助手的 docker 配置
   ✓ 正在处理：另起一份不带凭据助手的 docker 配置　已在 <用户目录>/.hunter/docker-config 另起一份不带凭据助手的 docker 配置（去掉了 credsStore）。拉公开镜像本来就不需要凭据，所以这样够用了。
   … 正在处理：退避之后重新拉镜像
   ✓ 正在处理：退避之后重新拉镜像　重新拉取完成。
   … 重新试一次刚才失败的那一步　下载组件
… 下载组件
[总览] 下载组件 · 已自动解决 0 个问题 · 回合 1/10 · token 0
… 下载组件　六个镜像，正在拉取…
… 下载组件　100% · 已完成 849 MB / 849 MB
… 下载组件　100% · 已完成 849 MB / 849 MB
✓ 下载组件　六个镜像本机已有（合计 849 MB），这次一个字节都没下载 · 用时 1 秒
… 启动服务
[总览] 启动服务 · 已自动解决 1 个问题 · 回合 1/10 · token 0
… 启动服务　正在起容器…
… 启动服务　5 / 6 健康
… 启动服务　5 / 6 健康
… 启动服务　5 / 6 健康
… 启动服务　5 / 6 健康
… 启动服务　5 / 6 健康
… 启动服务　6 / 6 健康
✓ 启动服务　6 / 6 健康
✓ 完成　打开 http://localhost:3101 就能用了
[总览] 完成 · 已自动解决 1 个问题 · 回合 1/10 · token 0

事件流：/home/support/.hunter/logs/assist-events.jsonl
审计日志：/home/support/.hunter/logs/assist-audit.log
统计：自动解决 1 个问题 · 1 个修复回合 · 0 token · 用时 79 秒

✓ 装好了。打开 http://localhost:3101
