=== 场景 proxy · 2026-09-21 23:15:09 ===
启动器版本：hunter-launcher 0.1.8
--- 现场核对 ---
  直连 api.github.com：code=000 t=8.002456s
  直连 ghcr.io：      code=000 t=8.002431s
  直连 腾讯云香港：    code=401 t=0.565328s
  走代理 api.github.com：code=200 t=0.210646s
  环境：HTTPS_PROXY=http://127.0.0.1:8888 NO_PROXY=127.0.0.1,localhost
--- 清场 ---
 Network hunter_default Removed 
--- 开始安装 2026-09-21 23:15:37 ---

Hunter 启动器 · AI 自动驾驶安装
────────────────────────────────────────────
工作目录 /home/support/.hunter
  从 /home/support/.hunter-launcher-test/key 读到一把 key（hunt_tools_****）
  ✓ key 有效
  授权档位：auto（全自动）
  预算：单问题 4 回合 · 整次 10 回合 · 60000 token · 单次模型 45 秒

[总览] 开始安装 · 已自动解决 0 个问题 · 回合 0/10 · token 0
… 检查 Docker
[总览] 检查 Docker · 已自动解决 0 个问题 · 回合 0/10 · token 0
✓ 检查 Docker　Docker Engine 29.8.1 正在运行
… 挑下载源、算端口、写配置
[总览] 挑下载源、算端口、写配置 · 已自动解决 0 个问题 · 回合 0/10 · token 0
   ✔ 你电脑上已经在运行另一套 Hunter　hunter-community（6 个容器，占着端口 3100、3921、5442、6479、8100）。已自动选择「和它并存」：新装的这一套换一组空闲端口，你原来那套一点都不动 —— 这是风险最小的做法。想改成直接使用已有那套，到「设置 → 已有的 Hunter」里切换。
   ✓ 正在测速候选镜像源…
   ✓   可用 腾讯云 · 香港 · 1614 ms
   ✓   可用 GHCR · GitHub · 60734 ms
   ✓ 选定：腾讯云 · 香港
   ✓ compose：已按 tag v1.2.0 下载并校验（23990 字节）
   ✓ 端口 3100 被占用，自动改用 3101（服务 web）
   ✓ 端口 8100 被占用，自动改用 8101（服务 api）
   ✓ 端口 3921 被占用，自动改用 3922（服务 opencode）
   ✓ 端口 5442 被占用，自动改用 5443（服务 postgres）
   ✓ 端口 6479 被占用，自动改用 6480（服务 redis）
   ✓ 已写 <用户目录>/.hunter/app/.env（权限 600）与覆盖文件；端口 web 3101 · api 8101 · opencode 3922 · postgres 5443 · redis 6480（全部只绑 127.0.0.1）
   ✓ docker compose config 校验通过，六个服务的端口全部绑在 127.0.0.1（红线 4）
   ✓ 六个镜像合计约 849 MB（linux/amd64 压缩后，来自 manifest）
[总览] 挑下载源、算端口、写配置 · 已自动解决 1 个问题 · 回合 0/10 · token 0
   ✔ 为这次安装换了一组空闲端口　web 3100 → 3101 · api 8100 → 8101 · opencode 3921 → 3922 · postgres 5442 → 5443 · redis 6479 → 6480
   ✓ 3100 原来被占着　Docker 容器 hunter-community-web-1（compose 项目 hunter-community · 0.0.0.0:3100->3000/tcp）
   ✓ 8100 原来被占着　Docker 容器 hunter-community-api-1（compose 项目 hunter-community · 0.0.0.0:8100->8000/tcp）
   ✓ 3921 原来被占着　Docker 容器 hunter-community-opencode-1（compose 项目 hunter-community · 0.0.0.0:3921->3901/tcp）
   ✓ 5442 原来被占着　Docker 容器 hunter-community-postgres-1（compose 项目 hunter-community · 0.0.0.0:5442->5432/tcp）
   ✓ 6479 原来被占着　Docker 容器 hunter-community-redis-1（compose 项目 hunter-community · 0.0.0.0:6479->6379/tcp）
[总览] 挑下载源、算端口、写配置 · 已自动解决 2 个问题 · 回合 0/10 · token 0
   ✔ 直连 ghcr.io、raw.githubusercontent.com 不通，已沿用你设置的网络代理　检测到你设置了网络代理（HTTPS 127.0.0.1:8888 · HTTP 127.0.0.1:8888，来自环境变量），已沿用
✓ 挑下载源、算端口、写配置　下载源 腾讯云 · 香港 · 端口 web 3101 · api 8101 · opencode 3922 · postgres 5443 · redis 6480
… 下载组件
[总览] 下载组件 · 已自动解决 2 个问题 · 回合 0/10 · token 0
… 下载组件　六个镜像，正在拉取…
… 下载组件　43% · 已完成 366 MB / 849 MB
… 下载组件　68% · 已完成 580 MB / 849 MB
… 下载组件　100% · 已完成 849 MB / 849 MB
… 下载组件　100% · 已完成 849 MB / 849 MB
✓ 下载组件　六个镜像本机已有（合计 849 MB），这次一个字节都没下载 · 用时 3 秒
… 启动服务
[总览] 启动服务 · 已自动解决 2 个问题 · 回合 0/10 · token 0
… 启动服务　正在起容器…
× 启动服务　/usr/bin/docker compose --project-name hunter --project-directory <用户目录>/.hunter/app -f <用户目录>/.hunter/app/docker-compose.yml -f <用户目录>/.hunter/app/docker-compose.launcher.yml up -d --remove-orphans 超过 300 秒没有返回
[总览] 正在解决：出了点意外 · 已自动解决 2 个问题 · 回合 1/10 · token 0
! 发现问题：出了点意外　/usr/bin/docker compose --project-name hunter --project-directory <用户目录>/.hunter/app -f <用户目录>/.hunter/app/docker-compose.yml -f <用户目录>/.hunter/app/docker-compose.launcher.yml up -d --remove-orphans 超过 300 秒没有返回
   … 分析中…
   ✓ 分析中…　查了 5 个端口 · 本机还有 1 套 Hunter · 本项目有 1 个残留容器
   … 问一下模型
   ✓ 问一下模型　模型挑了 2 个动作
   ✓ 模型的判断　模型挑了 2 个动作
[总览] 正在解决：出了点意外 · 已自动解决 2 个问题 · 回合 1/10 · token 6091
   ✓ 找到原因　模型挑了 2 个动作
   … 正在处理：清掉 Hunter 自己的残留容器
   ✓ 正在处理：清掉 Hunter 自己的残留容器　清掉了 1 个残留容器：hunter-opencode-1
   … 正在处理：重启 Hunter 的容器
   × 正在处理：重启 Hunter 的容器　「重启 Hunter 的容器」没成功（退出码 Some(1)）：dependency failed to start: container hunter-api-1 is unhealthy
   … 重新试一次刚才失败的那一步　启动服务
… 启动服务
[总览] 启动服务 · 已自动解决 2 个问题 · 回合 1/10 · token 6091
… 启动服务　正在起容器…
× 启动服务　起容器前的预检发现 1 个端口冲突：8101（api）被 绑 0.0.0.0 时被系统拒绝（Address already in use (os error 98)）；绑 127.0.0.1 时被系统拒绝（Address already in use (os error 98)） 占着。先换端口再起，不等 Docker 报错。
[总览] 正在解决：Docker 说端口已经被占了 · 已自动解决 2 个问题 · 回合 2/10 · token 6091
! 发现问题：要用的端口被占住了　起容器前的预检发现 1 个端口冲突：8101（api）被 绑 0.0.0.0 时被系统拒绝（Address already in use (os error 98)）；绑 127.0.0.1 时被系统拒绝（Address already in use (os error 98)） 占着。先换端口再起，不等 Docker 报错。
   … 分析中…
   ✓ 分析中…　查了 5 个端口 · 本机还有 1 套 Hunter · 本项目有 1 个残留容器
   ✓ 找到原因　这些端口属于你之前装的「hunter-community」，不能动它；本次安装还留着 1 个没起来的容器，它们带着旧端口；为这次安装换一组空闲端口，两套并存、互不影响。
   … 正在处理：清掉 Hunter 自己的残留容器
   ✓ 正在处理：清掉 Hunter 自己的残留容器　清掉了 1 个残留容器：hunter-opencode-1
   … 正在处理：把 Hunter 自己的容器停掉并移除
   ✓ 正在处理：把 Hunter 自己的容器停掉并移除　退出码 Some(0)
   … 正在处理：重新分配被占用的端口
   ✓ 正在处理：重新分配被占用的端口　5 个端口都是空的，没有需要改的。
   … 重新试一次刚才失败的那一步　启动服务
… 启动服务
[总览] 启动服务 · 已自动解决 2 个问题 · 回合 2/10 · token 6091
… 启动服务　正在起容器…
× 启动服务　docker compose up -d 失败（退出码 1）：dependency failed to start: container hunter-api-1 is unhealthy
[总览] 正在解决：服务在 180 秒内没有全部就绪 · 已自动解决 2 个问题 · 回合 3/10 · token 6091
! 发现问题：服务没能全部启动　docker compose up -d 失败（退出码 1）：dependency failed to start: container hunter-api-1 is unhealthy
   … 分析中…
   ✓ 分析中…　查了 5 个端口 · 本机还有 1 套 Hunter · 本项目有 1 个残留容器
   ✓ 找到原因　上一次起到一半留下了 1 个没启动的容器，先清掉再重新起。
   … 正在处理：清掉 Hunter 自己的残留容器
   ✓ 正在处理：清掉 Hunter 自己的残留容器　清掉了 1 个残留容器：hunter-opencode-1
   … 重新试一次刚才失败的那一步　启动服务
… 启动服务
[总览] 启动服务 · 已自动解决 2 个问题 · 回合 3/10 · token 6091
… 启动服务　正在起容器…
