# 文案扫描检查的反例验证（I8 · 任务书三）
# 做法：在 src/i18n/zh-CN.ts 里故意加一条「请在终端里执行：brew install --cask orbstack」，
# 确认 scripts/check-wording.py 会红；验完删掉，再确认它恢复通过。
#
# ── 加上之后 ──────────────────────────────────────────────────────
界面文案里出现了「让用户自己动手」的话（I8 原则）：

  src/i18n/zh-CN.ts:99
    命中：'在终端里执行'
    为什么不行：让用户去终端里敲命令 —— 启动器自己执行，做不了就如实说做不了
    上下文：临时反例: '请在终端里执行：brew install --cask orbstack',

改法：把这件事做成启动器自己执行的一步（要管理员权限就走系统原生密码框，
见 runtime/elevate.rs）；确实做不了就如实说做不了，并给诊断包那条路。
确实必须写出这几个字（反例单测、名单本身），在那一行加注释标记 wording-ok。
rc=1

# ── 删掉之后 ──────────────────────────────────────────────────────
OK：扫了 53 个文件，没有「让用户自己动手」的文案
rc=0

# ── 规则自身的自测（CI 里跑在扫描之前）────────────────────────────
OK：自测通过（9 条反例全部被拦下，8 条正当文案一条都没误判）
rc=0
