# 清单里那两个虚拟机系统镜像的 size / sha256 / sha512 —— 逐个核实过，不是编的。
# 时间：2026-09-22 01:0x（上海）· 测试机 34.133.8.3 真的把两个文件下下来算了一遍。
# 总控规则红线 1 与红线 5：数字一律实测。

## ① 上游自己发的 .sha512sum（开发机 curl，2026-09-22）

$ curl -sSL https://github.com/abiosoft/colima-core/releases/download/v0.10.4/ubuntu-24.04-minimal-cloudimg-amd64-docker.raw.gz.sha512sum
27652801b6606b457f4f34836358c0e9978aeb98757d0271165e3f09672f930ccc2d957e15726f7e7f22c302b20a3d30c64ead68adaa5f24a4f959cd34b56b5b  ubuntu-24.04-minimal-cloudimg-amd64-docker.raw.gz

$ curl -sSL https://github.com/abiosoft/colima-core/releases/download/v0.10.4/ubuntu-24.04-minimal-cloudimg-arm64-docker.raw.gz.sha512sum
32242674b046b5057e60c4aba334b51e3665f05412cda89ed081cc2de153ae5c41f6b105b5c442cbe48d78e2cc21e9ba1950e406b6fb4fc2fd1dd2259240abbd  ubuntu-24.04-minimal-cloudimg-arm64-docker.raw.gz

## ② content-length（HEAD）

amd64: content-length: 358298593
arm64: content-length: 332354401

## ③ 真的下下来算一遍（测试机，共 690 MB，算完就删）

amd64 size=358298593
amd64 sha256=4cd967d2c58aa6971621343d372255b14ffbfe28a185cda0e3c34ac8a1eb15e6
amd64 sha512=27652801b6606b457f4f34836358c0e9978aeb98757d0271165e3f09672f930ccc2d957e15726f7e7f22c302b20a3d30c64ead68adaa5f24a4f959cd34b56b5b
arm64 size=332354401
arm64 sha256=1fc0354f4f99734ce3886628cc7af8b0437c1a1d391b126bd09cba0df35ee53f
arm64 sha512=32242674b046b5057e60c4aba334b51e3665f05412cda89ed081cc2de153ae5c41f6b105b5c442cbe48d78e2cc21e9ba1950e406b6fb4fc2fd1dd2259240abbd

## ④ 与 src-tauri/src/runtime/manifest.rs 里写的那六个值逐字节相同 ✓

  size / sha256 / sha512 × 两个架构 = 六个值，**一个不差**。

## 仍然没验的是什么

`colima start --disk-image <这个文件>` **真的起得来一台虚拟机** —— 那要 macOS。
这里验的是「清单里的数字对不对」，不是「colima 收不收这个文件」。
