
Hunter 启动器 · AI 自动驾驶安装
────────────────────────────────────────────
工作目录 /home/support/.hunter
  从 /home/support/.hunter-launcher-test/key 读到一把 key（hunt_tools_****）
  ✓ key 有效
  授权档位：auto（自动驾驶）
  预算：单问题 4 回合 · 整次 10 回合 · 60000 token · 单次模型 45 秒

[总览] 开始安装 · 已自动解决 0 个问题 · 回合 0/10 · token 0
… 检查 Docker
[总览] 检查 Docker · 已自动解决 0 个问题 · 回合 0/10 · token 0
× 检查 Docker　docker 命令在，但连不上后台服务（daemon 没起）。
[总览] 正在解决：Docker 装了，但没在运行 · 已自动解决 0 个问题 · 回合 1/10 · token 0
! 发现问题：Docker 装了但没在运行　docker 命令在，但连不上后台服务（daemon 没起）。
   … 分析中…
   ✓ 分析中…　查了 5 个端口
   ✓ 找到原因　systemd 的 docker 服务 装着但没在运行，把它启动起来再等它就绪。
   … 正在处理：启动 systemd 的 docker 服务
   × 正在处理：启动 systemd 的 docker 服务　「启动 systemd 的 docker 服务」没成功（退出码 Some(1)）：See system logs and 'systemctl status docker.service' for details.
   ? Docker 后台服务要用管理员权限才能启动　请在终端里执行：sudo systemctl start docker
   - Docker 后台服务要用管理员权限才能启动　命令行下没有人能回答，按「先不弄」处理
× 没能自动装好　docker 命令在，但连不上后台服务（daemon 没起）。
Docker 后台服务要用管理员权限才能启动：在终端里执行 sudo systemctl start docker，然后重试。
[总览] 失败 · 已自动解决 0 个问题 · 回合 1/10 · token 0

事件流：/home/support/.hunter/logs/assist-events.jsonl
审计日志：/home/support/.hunter/logs/assist-audit.log
统计：自动解决 0 个问题 · 1 个修复回合 · 0 token · 用时 1 秒

✗ E_DAEMON_DOWN: docker 命令在，但连不上后台服务（daemon 没起）。
Docker 后台服务要用管理员权限才能启动：在终端里执行 sudo systemctl start docker，然后重试。
  日志：/home/support/.hunter/logs/launcher.log
RC=1  耗时=3s
